// Jest Snapshot v1, https://jestjs.io/docs/snapshot-testing

exports[`Button renders primary button with default styles 1`] = `
.c0 {
  padding: 10px 20px;
  font-size: 16px;
  background-color: #0070f3;
  color: white;
  border: 2px solid transparent;
  width: auto;
  border-radius: 4px;
  font-weight: 600;
  cursor: pointer;
  transition: all 0.2s;
  display: inline-flex;
  align-items: center;
  justify-content: center;
  gap: 8px;
  outline: none;
  position: relative;
  overflow: hidden;
}

.c0:hover:not(:disabled) {
  background-color: #0070f3;
  filter: brightness(1.1);
}

.c0:active:not(:disabled) {
  filter: brightness(0.95);
}

.c0:focus-visible {
  box-shadow: 0 0 0 3px #0070f333;
}

.c0:disabled {
  opacity: 0.5;
  cursor: not-allowed;
}

.c0::after {
  content: '';
  position: absolute;
  top: 50%;
  left: 50%;
  width: 0;
  height: 0;
  border-radius: 50%;
  background-color: rgba(255,255,255,0.3);
  transform: translate(-50%,-50%);
  transition: width 0.3s,height 0.3s;
}

.c0:active:not(:disabled)::after {
  width: 300px;
  height: 300px;
}

<button
  class="c0"
>
  Click me
</button>
`;
