// Jest Snapshot v1, https://jestjs.io/docs/snapshot-testing

exports[`Input renders default input 1`] = `
.c0 {
  width: auto;
  padding: 10px 16px;
  font-size: 16px;
  border: 2px solid #dee2e6;
  border-radius: 4px;
  background-color: #ffffff;
  color: #111;
  transition: all 0.2s;
  outline: none;
}

.c0:focus {
  border-color: #0070f3;
  box-shadow: 0 0 0 3px #0070f333;
}

.c0:hover:not(:disabled) {
  border-color: #ced4da;
}

.c0:disabled {
  background-color: #f1f3f5;
  cursor: not-allowed;
  opacity: 0.6;
}

.c0::placeholder {
  color: #ced4da;
}

<input
  class="c0"
  placeholder="type here"
/>
`;
